19:28:38 **** Incremental Build of configuration Debug for project Project-LED-button-EXTI ****
make -j16 all 
arm-none-eabi-gcc "../Core/Src/main.c" -mcpu=cortex-m4 -std=gnu11 -g3 -DDEBUG -DUSE_HAL_DRIVER -DSTM32F446xx -c -I../Core/Inc -I../Drivers/STM32F4xx_HAL_Driver/Inc -I../Drivers/STM32F4xx_HAL_Driver/Inc/Legacy -I../Drivers/CMSIS/Device/ST/STM32F4xx/Include -I../Drivers/CMSIS/Include -O0 -ffunction-sections -fdata-sections -Wall -fstack-usage -MMD -MP -MF"Core/Src/main.d" -MT"Core/Src/main.o" --specs=nano.specs -mfpu=fpv4-sp-d16 -mfloat-abi=hard -mthumb -o "Core/Src/main.o"
arm-none-eabi-gcc -o "Project-LED-button-EXTI.elf" @"objects.list"   -mcpu=cortex-m4 -T"C:\Users\jiawe\OneDrive\Desktop\STM32\Project-LED-button-EXTI\STM32F446RETX_FLASH.ld" --specs=nosys.specs -Wl,-Map="Project-LED-button-EXTI.map" -Wl,--gc-sections -static --specs=nano.specs -mfpu=fpv4-sp-d16 -mfloat-abi=hard -mthumb -Wl,--start-group -lc -lm -Wl,--end-group
Finished building target: Project-LED-button-EXTI.elf
 
arm-none-eabi-size   Project-LED-button-EXTI.elf 
arm-none-eabi-objdump -h -S  Project-LED-button-EXTI.elf  > "Project-LED-button-EXTI.list"
   text	   data	    bss	    dec	    hex	filename
   8828	     20	   1644	  10492	   28fc	Project-LED-button-EXTI.elf
Finished building: default.size.stdout
 
Finished building: Project-LED-button-EXTI.list
 

19:28:39 Build Finished. 0 errors, 0 warnings. (took 993ms)

