18:39:00 **** Incremental Build of configuration Debug for project Project-turn-on-LED-control-by-button ****
make -j16 all 
arm-none-eabi-gcc "../Core/Src/main.c" -mcpu=cortex-m4 -std=gnu11 -g3 -DDEBUG -DUSE_HAL_DRIVER -DSTM32F446xx -c -I../Core/Inc -I../Drivers/STM32F4xx_HAL_Driver/Inc -I../Drivers/STM32F4xx_HAL_Driver/Inc/Legacy -I../Drivers/CMSIS/Device/ST/STM32F4xx/Include -I../Drivers/CMSIS/Include -O0 -ffunction-sections -fdata-sections -Wall -fstack-usage -MMD -MP -MF"Core/Src/main.d" -MT"Core/Src/main.o" --specs=nano.specs -mfpu=fpv4-sp-d16 -mfloat-abi=hard -mthumb -o "Core/Src/main.o"
arm-none-eabi-gcc -o "Project-turn-on-LED-control-by-button.elf" @"objects.list"   -mcpu=cortex-m4 -T"C:\Users\jiawe\OneDrive\Desktop\STM32\Project-turn-on-LED-control-by-button\STM32F446RETX_FLASH.ld" --specs=nosys.specs -Wl,-Map="Project-turn-on-LED-control-by-button.map" -Wl,--gc-sections -static --specs=nano.specs -mfpu=fpv4-sp-d16 -mfloat-abi=hard -mthumb -Wl,--start-group -lc -lm -Wl,--end-group
Finished building target: Project-turn-on-LED-control-by-button.elf
 
arm-none-eabi-size   Project-turn-on-LED-control-by-button.elf 
arm-none-eabi-objdump -h -S  Project-turn-on-LED-control-by-button.elf  > "Project-turn-on-LED-control-by-button.list"
   text	   data	    bss	    dec	    hex	filename
   8664	     20	   1636	  10320	   2850	Project-turn-on-LED-control-by-button.elf
Finished building: default.size.stdout
 
Finished building: Project-turn-on-LED-control-by-button.list
 

18:39:01 Build Finished. 0 errors, 0 warnings. (took 1s.136ms)

